Copyright 1986-2020 Xilinx, Inc. All Rights Reserved.
----------------------------------------------------------------------------------------------
| Tool Version : Vivado v.2020.2 (win64) Build 3064766 Wed Nov 18 09:12:45 MST 2020
| Date         : Thu Apr  6 14:42:10 2023
| Host         : LAPTOP-KI2VB3H7 running 64-bit major release  (build 9200)
| Command      : report_clock_utilization -file atelier4_wrapper_clock_utilization_routed.rpt
| Design       : atelier4_wrapper
| Device       : 7z010-clg400
| Speed File   : -1  PRODUCTION 1.12 2019-11-22
| Design State : Routed
----------------------------------------------------------------------------------------------

Clock Utilization Report

Table of Contents
-----------------
1. Clock Primitive Utilization
2. Global Clock Resources
3. Global Clock Source Details
4. Local Clock Details
5. Clock Regions: Key Resource Utilization
6. Clock Regions : Global Clock Summary
7. Device Cell Placement Summary for Global Clock g0
8. Device Cell Placement Summary for Global Clock g1
9. Device Cell Placement Summary for Global Clock g2
10. Device Cell Placement Summary for Global Clock g3
11. Device Cell Placement Summary for Global Clock g4
12. Device Cell Placement Summary for Global Clock g5
13. Device Cell Placement Summary for Global Clock g6
14. Clock Region Cell Placement per Global Clock: Region X0Y0
15. Clock Region Cell Placement per Global Clock: Region X1Y0
16. Clock Region Cell Placement per Global Clock: Region X0Y1
17. Clock Region Cell Placement per Global Clock: Region X1Y1

1. Clock Primitive Utilization
------------------------------

+----------+------+-----------+-----+--------------+--------+
| Type     | Used | Available | LOC | Clock Region | Pblock |
+----------+------+-----------+-----+--------------+--------+
| BUFGCTRL |    7 |        32 |   0 |            0 |      0 |
| BUFH     |    0 |        48 |   0 |            0 |      0 |
| BUFIO    |    0 |         8 |   0 |            0 |      0 |
| BUFMR    |    0 |         4 |   0 |            0 |      0 |
| BUFR     |    0 |         8 |   0 |            0 |      0 |
| MMCM     |    1 |         2 |   0 |            0 |      0 |
| PLL      |    1 |         2 |   0 |            0 |      0 |
+----------+------+-----------+-----+--------------+--------+


2. Global Clock Resources
-------------------------

+-----------+-----------+-----------------+------------+----------------+--------------+-------------------+-------------+-----------------+--------------+-------------------------------+----------------------------------------------------------------------------------------------------+---------------------------------------------------------------------------------------------+
| Global Id | Source Id | Driver Type/Pin | Constraint | Site           | Clock Region | Load Clock Region | Clock Loads | Non-Clock Loads | Clock Period | Clock                         | Driver Pin                                                                                         | Net                                                                                         |
+-----------+-----------+-----------------+------------+----------------+--------------+-------------------+-------------+-----------------+--------------+-------------------------------+----------------------------------------------------------------------------------------------------+---------------------------------------------------------------------------------------------+
| g0        | src0      | BUFG/O          | None       | BUFGCTRL_X0Y16 | n/a          |                 4 |       18551 |               0 |       13.468 | clk_out1_atelier4_clk_wiz_0_0 | atelier4_i/clk_wiz_0/inst/clkout1_buf/O                                                            | atelier4_i/clk_wiz_0/inst/clk_out1                                                          |
| g1        | src1      | BUFG/O          | None       | BUFGCTRL_X0Y0  | n/a          |                 4 |        2148 |               0 |       20.000 | clk_fpga_0                    | atelier4_i/processing_system7_0/inst/buffer_fclk_clk_0.FCLK_CLK_0_BUFG/O                           | atelier4_i/processing_system7_0/inst/FCLK_CLK0                                              |
| g2        | src2      | BUFG/O          | None       | BUFGCTRL_X0Y3  | n/a          |                 2 |          84 |             248 |              |                               | atelier4_i/testPatternGen2_0/U0/inst_datapath/inst_background_manager/i_colorDataA[30]_BUFG_inst/O | atelier4_i/testPatternGen2_0/U0/inst_datapath/inst_background_manager/i_colorDataA[30]_BUFG |
| g3        | src3      | BUFG/O          | None       | BUFGCTRL_X0Y4  | n/a          |                 2 |          30 |               0 |              |                               | atelier4_i/testPatternGen2_0/U0/s_set_actor_id_reg[2]_i_1_n_0_BUFG_inst/O                          | atelier4_i/testPatternGen2_0/U0/s_set_actor_id_reg[2]_i_1_n_0_BUFG                          |
| g4        | src4      | BUFG/O          | None       | BUFGCTRL_X0Y1  | n/a          |                 1 |           8 |               0 |       13.468 | PixelClkIO                    | atelier4_i/rgb2dvi_0/U0/ClockGenInternal.ClockGenX/PixelClk_BUFG_inst/O                            | atelier4_i/rgb2dvi_0/U0/ClockGenInternal.ClockGenX/PixelClk_BUFG                            |
| g5        | src5      | BUFG/O          | None       | BUFGCTRL_X0Y2  | n/a          |                 1 |           8 |               0 |        2.694 | SerialClkIO                   | atelier4_i/rgb2dvi_0/U0/ClockGenInternal.ClockGenX/SerialClk_BUFG_inst/O                           | atelier4_i/rgb2dvi_0/U0/ClockGenInternal.ClockGenX/SerialClk_BUFG                           |
| g6        | src6      | BUFG/O          | None       | BUFGCTRL_X0Y17 | n/a          |                 1 |           1 |               0 |       40.000 | clkfbout_atelier4_clk_wiz_0_0 | atelier4_i/clk_wiz_0/inst/clkf_buf/O                                                               | atelier4_i/clk_wiz_0/inst/clkfbout_buf_atelier4_clk_wiz_0_0                                 |
+-----------+-----------+-----------------+------------+----------------+--------------+-------------------+-------------+-----------------+--------------+-------------------------------+----------------------------------------------------------------------------------------------------+---------------------------------------------------------------------------------------------+
* Clock Loads column represents the clock pin loads (pin count)
** Non-Clock Loads column represents the non-clock pin loads (pin count)


3. Global Clock Source Details
------------------------------

+-----------+-----------+---------------------+------------+-----------------+--------------+-------------+-----------------+---------------------+-------------------------------+--------------------------------------------------------------------------------------------------+----------------------------------------------------------------------------------------+
| Source Id | Global Id | Driver Type/Pin     | Constraint | Site            | Clock Region | Clock Loads | Non-Clock Loads | Source Clock Period | Source Clock                  | Driver Pin                                                                                       | Net                                                                                    |
+-----------+-----------+---------------------+------------+-----------------+--------------+-------------+-----------------+---------------------+-------------------------------+--------------------------------------------------------------------------------------------------+----------------------------------------------------------------------------------------+
| src0      | g0        | MMCME2_ADV/CLKOUT0  | None       | MMCME2_ADV_X0Y1 | X1Y1         |           1 |               0 |              13.468 | clk_out1_atelier4_clk_wiz_0_0 | atelier4_i/clk_wiz_0/inst/mmcm_adv_inst/CLKOUT0                                                  | atelier4_i/clk_wiz_0/inst/clk_out1_atelier4_clk_wiz_0_0                                |
| src1      | g1        | PS7/FCLKCLK[0]      | PS7_X0Y0   | PS7_X0Y0        | X0Y1         |           1 |               0 |              20.000 | clk_fpga_0                    | atelier4_i/processing_system7_0/inst/PS7_i/FCLKCLK[0]                                            | atelier4_i/processing_system7_0/inst/FCLK_CLK_unbuffered[0]                            |
| src2      | g2        | LUT2/O              | None       | SLICE_X22Y47    | X1Y0         |           1 |               0 |                     |                               | atelier4_i/testPatternGen2_0/U0/inst_datapath/inst_background_manager/s_set_tile_id_reg[3]_i_1/O | atelier4_i/testPatternGen2_0/U0/inst_datapath/inst_background_manager/i_colorDataA[30] |
| src3      | g3        | LUT2/O              | None       | SLICE_X22Y47    | X1Y0         |           1 |               0 |                     |                               | atelier4_i/testPatternGen2_0/U0/s_set_actor_id_reg[2]_i_1/O                                      | atelier4_i/testPatternGen2_0/U0/s_set_actor_id_reg[2]_i_1_n_0                          |
| src4      | g4        | PLLE2_ADV/CLKOUT1   | None       | PLLE2_ADV_X0Y0  | X1Y0         |           1 |               0 |              13.468 | PixelClkIO                    | atelier4_i/rgb2dvi_0/U0/ClockGenInternal.ClockGenX/GenPLL.DVI_ClkGenerator/CLKOUT1               | atelier4_i/rgb2dvi_0/U0/ClockGenInternal.ClockGenX/PixelClk                            |
| src5      | g5        | PLLE2_ADV/CLKOUT0   | None       | PLLE2_ADV_X0Y0  | X1Y0         |           1 |               0 |               2.694 | SerialClkIO                   | atelier4_i/rgb2dvi_0/U0/ClockGenInternal.ClockGenX/GenPLL.DVI_ClkGenerator/CLKOUT0               | atelier4_i/rgb2dvi_0/U0/ClockGenInternal.ClockGenX/SerialClk                           |
| src6      | g6        | MMCME2_ADV/CLKFBOUT | None       | MMCME2_ADV_X0Y1 | X1Y1         |           1 |               0 |              40.000 | clkfbout_atelier4_clk_wiz_0_0 | atelier4_i/clk_wiz_0/inst/mmcm_adv_inst/CLKFBOUT                                                 | atelier4_i/clk_wiz_0/inst/clkfbout_atelier4_clk_wiz_0_0                                |
+-----------+-----------+---------------------+------------+-----------------+--------------+-------------+-----------------+---------------------+-------------------------------+--------------------------------------------------------------------------------------------------+----------------------------------------------------------------------------------------+
* Clock Loads column represents the clock pin loads (pin count)
** Non-Clock Loads column represents the non-clock pin loads (pin count)


4. Local Clock Details
----------------------

+----------+-----------------+------------+------------------+--------------+-------------+-----------------+--------------+-------+--------------------------------------------------------------------------------------------+-----------------------------------------------------------------------------------------------+
| Local Id | Driver Type/Pin | Constraint | Site/BEL         | Clock Region | Clock Loads | Non-Clock Loads | Clock Period | Clock | Driver Pin                                                                                 | Net                                                                                           |
+----------+-----------------+------------+------------------+--------------+-------------+-----------------+--------------+-------+--------------------------------------------------------------------------------------------+-----------------------------------------------------------------------------------------------||
| 0        | FDRE/Q          | None       | SLICE_X16Y76/AFF | X0Y1         |          15 |               0 |              |       | atelier4_i/testPatternGen2_0/U0/inst_datapath/inst_actor_manager/ActorsDefault_reg[0][0]/Q | atelier4_i/testPatternGen2_0/U0/inst_datapath/inst_actor_manager/ActorsDefault_reg_n_0_[0][0] - Static -
| 1        | FDRE/Q          | None       | SLICE_X17Y46/AFF | X0Y0         |          15 |               0 |              |       | atelier4_i/testPatternGen2_0/U0/inst_datapath/inst_actor_manager/ActorsDefault_reg[1][0]/Q | atelier4_i/testPatternGen2_0/U0/inst_datapath/inst_actor_manager/ActorsDefault_reg_n_0_[1][0] - Static -
| 2        | FDRE/Q          | None       | SLICE_X10Y66/AFF | X0Y1         |          15 |               0 |              |       | atelier4_i/testPatternGen2_0/U0/inst_datapath/inst_actor_manager/ActorsDefault_reg[2][0]/Q | atelier4_i/testPatternGen2_0/U0/inst_datapath/inst_actor_manager/ActorsDefault_reg_n_0_[2][0] - Static -
| 3        | FDRE/Q          | None       | SLICE_X5Y49/AFF  | X0Y0         |          15 |               0 |              |       | atelier4_i/testPatternGen2_0/U0/inst_datapath/inst_actor_manager/ActorsDefault_reg[3][0]/Q | atelier4_i/testPatternGen2_0/U0/inst_datapath/inst_actor_manager/ActorsDefault_reg_n_0_[3][0] - Static -
| 4        | FDRE/Q          | None       | SLICE_X1Y60/AFF  | X0Y1         |          15 |               0 |              |       | atelier4_i/testPatternGen2_0/U0/inst_datapath/inst_actor_manager/ActorsDefault_reg[4][0]/Q | atelier4_i/testPatternGen2_0/U0/inst_datapath/inst_actor_manager/ActorsDefault_reg_n_0_[4][0] - Static -
| 5        | FDRE/Q          | None       | SLICE_X1Y49/AFF  | X0Y0         |          15 |               0 |              |       | atelier4_i/testPatternGen2_0/U0/inst_datapath/inst_actor_manager/ActorsDefault_reg[5][0]/Q | atelier4_i/testPatternGen2_0/U0/inst_datapath/inst_actor_manager/ActorsDefault_reg_n_0_[5][0] - Static -
| 6        | FDRE/Q          | None       | SLICE_X24Y53/AFF | X1Y1         |          15 |               0 |              |       | atelier4_i/testPatternGen2_0/U0/inst_datapath/inst_actor_manager/ActorsDefault_reg[6][0]/Q | atelier4_i/testPatternGen2_0/U0/inst_datapath/inst_actor_manager/ActorsDefault_reg_n_0_[6][0] - Static -
| 7        | FDRE/Q          | None       | SLICE_X24Y46/AFF | X1Y0         |          15 |               0 |              |       | atelier4_i/testPatternGen2_0/U0/inst_datapath/inst_actor_manager/ActorsDefault_reg[7][0]/Q | atelier4_i/testPatternGen2_0/U0/inst_datapath/inst_actor_manager/ActorsDefault_reg_n_0_[7][0] - Static -
+----------+-----------------+------------+------------------+--------------+-------------+-----------------+--------------+-------+--------------------------------------------------------------------------------------------+-----------------------------------------------------------------------------------------------||
* Local Clocks in this context represents only clocks driven by non-global buffers
** Clock Loads column represents the clock pin loads (pin count)
*** Non-Clock Loads column represents the non-clock pin loads (pin count)


5. Clock Regions: Key Resource Utilization
------------------------------------------

+-------------------+--------------+--------------+--------------+--------------+--------------+--------------+--------------+--------------+--------------+--------------+--------------+--------------+--------------+--------------+--------------+
|                   | Global Clock |     BUFRs    |    BUFMRs    |    BUFIOs    |     MMCM     |      PLL     |      GT      |      PCI     |    ILOGIC    |    OLOGIC    |      FF      |     LUTM     |    RAMB18    |    RAMB36    |    DSP48E2   |
+-------------------+------+-------+------+-------+------+-------+------+-------+------+-------+------+-------+------+-------+------+-------+------+-------+------+-------+------+-------+------+-------+------+-------+------+-------+------+-------+
| Clock Region Name | Used | Avail | Used | Avail | Used | Avail | Used | Avail | Used | Avail | Used | Avail | Used | Avail | Used | Avail | Used | Avail | Used | Avail | Used | Avail | Used | Avail | Used | Avail | Used | Avail | Used | Avail |
+-------------------+------+-------+------+-------+------+-------+------+-------+------+-------+------+-------+------+-------+------+-------+------+-------+------+-------+------+-------+------+-------+------+-------+------+-------+------+-------+
| X0Y0              |    2 |    12 |    0 |     0 |    0 |     0 |    0 |     0 |    0 |     0 |    0 |     0 |    0 |     0 |    0 |     0 |    0 |     0 |    0 |     0 | 5161 |  1100 | 1852 |   400 |    3 |    20 |    3 |    10 |    8 |    20 |
| X1Y0              |    2 |    12 |    0 |     4 |    0 |     2 |    0 |     4 |    0 |     1 |    1 |     1 |    0 |     0 |    0 |     0 |    0 |    50 |    0 |    50 | 5476 |  1100 | 1871 |   350 |    4 |    40 |   12 |    20 |   10 |    20 |
| X0Y1              |    4 |    12 |    0 |     0 |    0 |     0 |    0 |     0 |    0 |     0 |    0 |     0 |    0 |     0 |    0 |     0 |    0 |     0 |    0 |     0 | 4291 |  1100 | 1723 |   400 |    0 |    20 |    0 |    10 |    8 |    20 |
| X1Y1              |    7 |    12 |    0 |     4 |    0 |     2 |    0 |     4 |    1 |     1 |    0 |     1 |    0 |     0 |    0 |     0 |    0 |    50 |    8 |    50 | 4690 |  1100 | 1744 |   350 |    1 |    40 |    2 |    20 |   10 |    20 |
+-------------------+------+-------+------+-------+------+-------+------+-------+------+-------+------+-------+------+-------+------+-------+------+-------+------+-------+------+-------+------+-------+------+-------+------+-------+------+-------+
* Global Clock column represents track count; while other columns represents cell counts


6. Clock Regions : Global Clock Summary
---------------------------------------

All Modules
+----+----+----+
|    | X0 | X1 |
+----+----+----+
| Y1 |  4 |  7 |
| Y0 |  2 |  2 |
+----+----+----+


7. Device Cell Placement Summary for Global Clock g0
----------------------------------------------------

+-----------+-----------------+-------------------+-------------------------------+-------------+---------------+-------------+----------+----------------+----------+------------------------------------+
| Global Id | Driver Type/Pin | Driver Region (D) | Clock                         | Period (ns) | Waveform (ns) | Slice Loads | IO Loads | Clocking Loads | GT Loads | Net                                |
+-----------+-----------------+-------------------+-------------------------------+-------------+---------------+-------------+----------+----------------+----------+------------------------------------+
| g0        | BUFG/O          | n/a               | clk_out1_atelier4_clk_wiz_0_0 |      13.468 | {0.000 6.734} |       18229 |        0 |              1 |        0 | atelier4_i/clk_wiz_0/inst/clk_out1 |
+-----------+-----------------+-------------------+-------------------------------+-------------+---------------+-------------+----------+----------------+----------+------------------------------------+
* Slice Loads column represents load cell count of all cell types other than IO, GT and clock resources
** IO Loads column represents load cell count of IO types
*** Clocking Loads column represents load cell count that are clock resources (global clock buffer, MMCM, PLL, etc)
**** GT Loads column represents load cell count of GT types


+----+-------+-------+-----------------------+
|    | X0    | X1    | HORIZONTAL PROG DELAY |
+----+-------+-------+-----------------------+
| Y1 |  4011 |  4865 |                     0 |
| Y0 |  3766 |  5588 |                     0 |
+----+-------+-------+-----------------------+


8. Device Cell Placement Summary for Global Clock g1
----------------------------------------------------

+-----------+-----------------+-------------------+------------+-------------+----------------+-------------+----------+----------------+----------+------------------------------------------------+
| Global Id | Driver Type/Pin | Driver Region (D) | Clock      | Period (ns) | Waveform (ns)  | Slice Loads | IO Loads | Clocking Loads | GT Loads | Net                                            |
+-----------+-----------------+-------------------+------------+-------------+----------------+-------------+----------+----------------+----------+------------------------------------------------+
| g1        | BUFG/O          | n/a               | clk_fpga_0 |      20.000 | {0.000 10.000} |        2130 |        0 |              0 |        0 | atelier4_i/processing_system7_0/inst/FCLK_CLK0 |
+-----------+-----------------+-------------------+------------+-------------+----------------+-------------+----------+----------------+----------+------------------------------------------------+
* Slice Loads column represents load cell count of all cell types other than IO, GT and clock resources
** IO Loads column represents load cell count of IO types
*** Clocking Loads column represents load cell count that are clock resources (global clock buffer, MMCM, PLL, etc)
**** GT Loads column represents load cell count of GT types


+----+-------+------+-----------------------+
|    | X0    | X1   | HORIZONTAL PROG DELAY |
+----+-------+------+-----------------------+
| Y1 |   334 |   14 |                     0 |
| Y0 |  1572 |  210 |                     0 |
+----+-------+------+-----------------------+


9. Device Cell Placement Summary for Global Clock g2
----------------------------------------------------

+-----------+-----------------+-------------------+-------+-------------+---------------+-------------+----------+----------------+----------+---------------------------------------------------------------------------------------------+
| Global Id | Driver Type/Pin | Driver Region (D) | Clock | Period (ns) | Waveform (ns) | Slice Loads | IO Loads | Clocking Loads | GT Loads | Net                                                                                         |
+-----------+-----------------+-------------------+-------+-------------+---------------+-------------+----------+----------------+----------+---------------------------------------------------------------------------------------------+
| g2        | BUFG/O          | n/a               |       |             |               |         332 |        0 |              0 |        0 | atelier4_i/testPatternGen2_0/U0/inst_datapath/inst_background_manager/i_colorDataA[30]_BUFG |
+-----------+-----------------+-------------------+-------+-------------+---------------+-------------+----------+----------------+----------+---------------------------------------------------------------------------------------------+
* Slice Loads column represents load cell count of all cell types other than IO, GT and clock resources
** IO Loads column represents load cell count of IO types
*** Clocking Loads column represents load cell count that are clock resources (global clock buffer, MMCM, PLL, etc)
**** GT Loads column represents load cell count of GT types


+----+------+-----+-----------------------+
|    | X0   | X1  | HORIZONTAL PROG DELAY |
+----+------+-----+-----------------------+
| Y1 |  246 |  86 |                     0 |
| Y0 |    0 |   0 |                     0 |
+----+------+-----+-----------------------+


10. Device Cell Placement Summary for Global Clock g3
-----------------------------------------------------

+-----------+-----------------+-------------------+-------+-------------+---------------+-------------+----------+----------------+----------+--------------------------------------------------------------------+
| Global Id | Driver Type/Pin | Driver Region (D) | Clock | Period (ns) | Waveform (ns) | Slice Loads | IO Loads | Clocking Loads | GT Loads | Net                                                                |
+-----------+-----------------+-------------------+-------+-------------+---------------+-------------+----------+----------------+----------+--------------------------------------------------------------------+
| g3        | BUFG/O          | n/a               |       |             |               |          30 |        0 |              0 |        0 | atelier4_i/testPatternGen2_0/U0/s_set_actor_id_reg[2]_i_1_n_0_BUFG |
+-----------+-----------------+-------------------+-------+-------------+---------------+-------------+----------+----------------+----------+--------------------------------------------------------------------+
* Slice Loads column represents load cell count of all cell types other than IO, GT and clock resources
** IO Loads column represents load cell count of IO types
*** Clocking Loads column represents load cell count that are clock resources (global clock buffer, MMCM, PLL, etc)
**** GT Loads column represents load cell count of GT types


+----+-----+----+-----------------------+
|    | X0  | X1 | HORIZONTAL PROG DELAY |
+----+-----+----+-----------------------+
| Y1 |  29 |  1 |                     0 |
| Y0 |   0 |  0 |                     0 |
+----+-----+----+-----------------------+


11. Device Cell Placement Summary for Global Clock g4
-----------------------------------------------------

+-----------+-----------------+-------------------+------------+-------------+---------------+-------------+----------+----------------+----------+------------------------------------------------------------------+
| Global Id | Driver Type/Pin | Driver Region (D) | Clock      | Period (ns) | Waveform (ns) | Slice Loads | IO Loads | Clocking Loads | GT Loads | Net                                                              |
+-----------+-----------------+-------------------+------------+-------------+---------------+-------------+----------+----------------+----------+------------------------------------------------------------------+
| g4        | BUFG/O          | n/a               | PixelClkIO |      13.468 | {0.000 6.734} |           0 |        8 |              0 |        0 | atelier4_i/rgb2dvi_0/U0/ClockGenInternal.ClockGenX/PixelClk_BUFG |
+-----------+-----------------+-------------------+------------+-------------+---------------+-------------+----------+----------------+----------+------------------------------------------------------------------+
* Slice Loads column represents load cell count of all cell types other than IO, GT and clock resources
** IO Loads column represents load cell count of IO types
*** Clocking Loads column represents load cell count that are clock resources (global clock buffer, MMCM, PLL, etc)
**** GT Loads column represents load cell count of GT types


+----+----+----+-----------------------+
|    | X0 | X1 | HORIZONTAL PROG DELAY |
+----+----+----+-----------------------+
| Y1 |  0 |  8 |                     0 |
| Y0 |  0 |  0 |                     0 |
+----+----+----+-----------------------+


12. Device Cell Placement Summary for Global Clock g5
-----------------------------------------------------

+-----------+-----------------+-------------------+-------------+-------------+---------------+-------------+----------+----------------+----------+-------------------------------------------------------------------+
| Global Id | Driver Type/Pin | Driver Region (D) | Clock       | Period (ns) | Waveform (ns) | Slice Loads | IO Loads | Clocking Loads | GT Loads | Net                                                               |
+-----------+-----------------+-------------------+-------------+-------------+---------------+-------------+----------+----------------+----------+-------------------------------------------------------------------+
| g5        | BUFG/O          | n/a               | SerialClkIO |       2.694 | {0.000 1.347} |           0 |        8 |              0 |        0 | atelier4_i/rgb2dvi_0/U0/ClockGenInternal.ClockGenX/SerialClk_BUFG |
+-----------+-----------------+-------------------+-------------+-------------+---------------+-------------+----------+----------------+----------+-------------------------------------------------------------------+
* Slice Loads column represents load cell count of all cell types other than IO, GT and clock resources
** IO Loads column represents load cell count of IO types
*** Clocking Loads column represents load cell count that are clock resources (global clock buffer, MMCM, PLL, etc)
**** GT Loads column represents load cell count of GT types


+----+----+----+-----------------------+
|    | X0 | X1 | HORIZONTAL PROG DELAY |
+----+----+----+-----------------------+
| Y1 |  0 |  8 |                     0 |
| Y0 |  0 |  0 |                     0 |
+----+----+----+-----------------------+


13. Device Cell Placement Summary for Global Clock g6
-----------------------------------------------------

+-----------+-----------------+-------------------+-------------------------------+-------------+----------------+-------------+----------+----------------+----------+-------------------------------------------------------------+
| Global Id | Driver Type/Pin | Driver Region (D) | Clock                         | Period (ns) | Waveform (ns)  | Slice Loads | IO Loads | Clocking Loads | GT Loads | Net                                                         |
+-----------+-----------------+-------------------+-------------------------------+-------------+----------------+-------------+----------+----------------+----------+-------------------------------------------------------------+
| g6        | BUFG/O          | n/a               | clkfbout_atelier4_clk_wiz_0_0 |      40.000 | {0.000 20.000} |           0 |        0 |              1 |        0 | atelier4_i/clk_wiz_0/inst/clkfbout_buf_atelier4_clk_wiz_0_0 |
+-----------+-----------------+-------------------+-------------------------------+-------------+----------------+-------------+----------+----------------+----------+-------------------------------------------------------------+
* Slice Loads column represents load cell count of all cell types other than IO, GT and clock resources
** IO Loads column represents load cell count of IO types
*** Clocking Loads column represents load cell count that are clock resources (global clock buffer, MMCM, PLL, etc)
**** GT Loads column represents load cell count of GT types


+----+----+----+-----------------------+
|    | X0 | X1 | HORIZONTAL PROG DELAY |
+----+----+----+-----------------------+
| Y1 |  0 |  1 |                     0 |
| Y0 |  0 |  0 |                     0 |
+----+----+----+-----------------------+


14. Clock Region Cell Placement per Global Clock: Region X0Y0
-------------------------------------------------------------

+-----------+-------+-----------------+------------+-------------+-----------------+------+--------+------+-----+----+------+-----+---------+------------------------------------------------+
| Global Id | Track | Driver Type/Pin | Constraint | Clock Loads | Non-Clock Loads | FF   | LUTRAM | RAMB | DSP | GT | MMCM | PLL | Hard IP | Net                                            |
+-----------+-------+-----------------+------------+-------------+-----------------+------+--------+------+-----+----+------+-----+---------+------------------------------------------------+
| g0        | n/a   | BUFG/O          | None       |        3766 |               0 | 3614 |    134 |    6 |   8 |  0 |    0 |   0 |       0 | atelier4_i/clk_wiz_0/inst/clk_out1             |
| g1        | n/a   | BUFG/O          | None       |        1572 |               0 | 1547 |     25 |    0 |   0 |  0 |    0 |   0 |       0 | atelier4_i/processing_system7_0/inst/FCLK_CLK0 |
+-----------+-------+-----------------+------------+-------------+-----------------+------+--------+------+-----+----+------+-----+---------+------------------------------------------------+
* Clock Loads column represents the clock pin loads (pin count)
** Non-Clock Loads column represents the non-clock pin loads (pin count)
*** Columns FF, LUTRAM, RAMB through 'Hard IP' represents load cell counts


15. Clock Region Cell Placement per Global Clock: Region X1Y0
-------------------------------------------------------------

+-----------+-------+-----------------+------------+-------------+-----------------+------+--------+------+-----+----+------+-----+---------+------------------------------------------------+
| Global Id | Track | Driver Type/Pin | Constraint | Clock Loads | Non-Clock Loads | FF   | LUTRAM | RAMB | DSP | GT | MMCM | PLL | Hard IP | Net                                            |
+-----------+-------+-----------------+------------+-------------+-----------------+------+--------+------+-----+----+------+-----+---------+------------------------------------------------+
| g0        | n/a   | BUFG/O          | None       |        5588 |               0 | 5266 |    291 |   16 |  10 |  0 |    0 |   1 |       0 | atelier4_i/clk_wiz_0/inst/clk_out1             |
| g1        | n/a   | BUFG/O          | None       |         210 |               0 |  210 |      0 |    0 |   0 |  0 |    0 |   0 |       0 | atelier4_i/processing_system7_0/inst/FCLK_CLK0 |
+-----------+-------+-----------------+------------+-------------+-----------------+------+--------+------+-----+----+------+-----+---------+------------------------------------------------+
* Clock Loads column represents the clock pin loads (pin count)
** Non-Clock Loads column represents the non-clock pin loads (pin count)
*** Columns FF, LUTRAM, RAMB through 'Hard IP' represents load cell counts


16. Clock Region Cell Placement per Global Clock: Region X0Y1
-------------------------------------------------------------

+-----------+-------+-----------------+------------+-------------+-----------------+------+--------+------+-----+----+------+-----+---------+---------------------------------------------------------------------------------------------+
| Global Id | Track | Driver Type/Pin | Constraint | Clock Loads | Non-Clock Loads | FF   | LUTRAM | RAMB | DSP | GT | MMCM | PLL | Hard IP | Net                                                                                         |
+-----------+-------+-----------------+------------+-------------+-----------------+------+--------+------+-----+----+------+-----+---------+---------------------------------------------------------------------------------------------+
| g0        | n/a   | BUFG/O          | None       |        4011 |               0 | 3960 |     43 |    0 |   8 |  0 |    0 |   0 |       0 | atelier4_i/clk_wiz_0/inst/clk_out1                                                          |
| g1        | n/a   | BUFG/O          | None       |         334 |               0 |  331 |      2 |    0 |   0 |  0 |    0 |   0 |       0 | atelier4_i/processing_system7_0/inst/FCLK_CLK0                                              |
| g2        | n/a   | BUFG/O          | None       |          84 |             162 |    0 |      0 |    0 |   0 |  0 |    0 |   0 |       0 | atelier4_i/testPatternGen2_0/U0/inst_datapath/inst_background_manager/i_colorDataA[30]_BUFG |
| g3        | n/a   | BUFG/O          | None       |          29 |               0 |    0 |      0 |    0 |   0 |  0 |    0 |   0 |       0 | atelier4_i/testPatternGen2_0/U0/s_set_actor_id_reg[2]_i_1_n_0_BUFG                          |
+-----------+-------+-----------------+------------+-------------+-----------------+------+--------+------+-----+----+------+-----+---------+---------------------------------------------------------------------------------------------+
* Clock Loads column represents the clock pin loads (pin count)
** Non-Clock Loads column represents the non-clock pin loads (pin count)
*** Columns FF, LUTRAM, RAMB through 'Hard IP' represents load cell counts


17. Clock Region Cell Placement per Global Clock: Region X1Y1
-------------------------------------------------------------

+-----------+-------+-----------------+------------+-------------+-----------------+------+--------+------+-----+----+------+-----+---------+---------------------------------------------------------------------------------------------+
| Global Id | Track | Driver Type/Pin | Constraint | Clock Loads | Non-Clock Loads | FF   | LUTRAM | RAMB | DSP | GT | MMCM | PLL | Hard IP | Net                                                                                         |
+-----------+-------+-----------------+------------+-------------+-----------------+------+--------+------+-----+----+------+-----+---------+---------------------------------------------------------------------------------------------+
| g0        | n/a   | BUFG/O          | None       |        4865 |               0 | 4676 |    174 |    3 |  10 |  0 |    0 |   0 |       0 | atelier4_i/clk_wiz_0/inst/clk_out1                                                          |
| g1        | n/a   | BUFG/O          | None       |          14 |               0 |   14 |      0 |    0 |   0 |  0 |    0 |   0 |       0 | atelier4_i/processing_system7_0/inst/FCLK_CLK0                                              |
| g2        | n/a   | BUFG/O          | None       |           0 |              86 |    0 |      0 |    0 |   0 |  0 |    0 |   0 |       0 | atelier4_i/testPatternGen2_0/U0/inst_datapath/inst_background_manager/i_colorDataA[30]_BUFG |
| g3        | n/a   | BUFG/O          | None       |           1 |               0 |    0 |      0 |    0 |   0 |  0 |    0 |   0 |       0 | atelier4_i/testPatternGen2_0/U0/s_set_actor_id_reg[2]_i_1_n_0_BUFG                          |
| g4        | n/a   | BUFG/O          | None       |           8 |               0 |    0 |      0 |    0 |   0 |  0 |    0 |   0 |       0 | atelier4_i/rgb2dvi_0/U0/ClockGenInternal.ClockGenX/PixelClk_BUFG                            |
| g5        | n/a   | BUFG/O          | None       |           8 |               0 |    0 |      0 |    0 |   0 |  0 |    0 |   0 |       0 | atelier4_i/rgb2dvi_0/U0/ClockGenInternal.ClockGenX/SerialClk_BUFG                           |
| g6        | n/a   | BUFG/O          | None       |           1 |               0 |    0 |      0 |    0 |   0 |  0 |    1 |   0 |       0 | atelier4_i/clk_wiz_0/inst/clkfbout_buf_atelier4_clk_wiz_0_0                                 |
+-----------+-------+-----------------+------------+-------------+-----------------+------+--------+------+-----+----+------+-----+---------+---------------------------------------------------------------------------------------------+
* Clock Loads column represents the clock pin loads (pin count)
** Non-Clock Loads column represents the non-clock pin loads (pin count)
*** Columns FF, LUTRAM, RAMB through 'Hard IP' represents load cell counts



# Location of BUFG Primitives 
set_property LOC BUFGCTRL_X0Y4 [get_cells atelier4_i/testPatternGen2_0/U0/s_set_actor_id_reg[2]_i_1_n_0_BUFG_inst]
set_property LOC BUFGCTRL_X0Y3 [get_cells atelier4_i/testPatternGen2_0/U0/inst_datapath/inst_background_manager/i_colorDataA[30]_BUFG_inst]
set_property LOC BUFGCTRL_X0Y2 [get_cells atelier4_i/rgb2dvi_0/U0/ClockGenInternal.ClockGenX/SerialClk_BUFG_inst]
set_property LOC BUFGCTRL_X0Y1 [get_cells atelier4_i/rgb2dvi_0/U0/ClockGenInternal.ClockGenX/PixelClk_BUFG_inst]
set_property LOC BUFGCTRL_X0Y0 [get_cells atelier4_i/processing_system7_0/inst/buffer_fclk_clk_0.FCLK_CLK_0_BUFG]
set_property LOC BUFGCTRL_X0Y17 [get_cells atelier4_i/clk_wiz_0/inst/clkf_buf]
set_property LOC BUFGCTRL_X0Y16 [get_cells atelier4_i/clk_wiz_0/inst/clkout1_buf]

# Location of IO Primitives which is load of clock spine

# Location of clock ports
set_property LOC IOB_X0Y76 [get_ports sys_clk]

# Clock net "atelier4_i/testPatternGen2_0/U0/s_set_actor_id_reg[2]_i_1_n_0_BUFG" driven by instance "atelier4_i/testPatternGen2_0/U0/s_set_actor_id_reg[2]_i_1_n_0_BUFG_inst" located at site "BUFGCTRL_X0Y4"
#startgroup
create_pblock {CLKAG_atelier4_i/testPatternGen2_0/U0/s_set_actor_id_reg[2]_i_1_n_0_BUFG}
add_cells_to_pblock [get_pblocks  {CLKAG_atelier4_i/testPatternGen2_0/U0/s_set_actor_id_reg[2]_i_1_n_0_BUFG}] [get_cells -filter { PRIMITIVE_GROUP != I/O && IS_PRIMITIVE==1 && PRIMITIVE_LEVEL !=INTERNAL } -of_object [get_pins -filter {DIRECTION==IN} -of_objects [get_nets -hierarchical -filter {PARENT=="atelier4_i/testPatternGen2_0/U0/s_set_actor_id_reg[2]_i_1_n_0_BUFG"}]]]
resize_pblock [get_pblocks {CLKAG_atelier4_i/testPatternGen2_0/U0/s_set_actor_id_reg[2]_i_1_n_0_BUFG}] -add {CLOCKREGION_X0Y1:CLOCKREGION_X0Y1 CLOCKREGION_X1Y1:CLOCKREGION_X1Y1}
#endgroup

# Clock net "atelier4_i/testPatternGen2_0/U0/inst_datapath/inst_background_manager/i_colorDataA[30]_BUFG" driven by instance "atelier4_i/testPatternGen2_0/U0/inst_datapath/inst_background_manager/i_colorDataA[30]_BUFG_inst" located at site "BUFGCTRL_X0Y3"
#startgroup
create_pblock {CLKAG_atelier4_i/testPatternGen2_0/U0/inst_datapath/inst_background_manager/i_colorDataA[30]_BUFG}
add_cells_to_pblock [get_pblocks  {CLKAG_atelier4_i/testPatternGen2_0/U0/inst_datapath/inst_background_manager/i_colorDataA[30]_BUFG}] [get_cells -filter { PRIMITIVE_GROUP != I/O && IS_PRIMITIVE==1 && PRIMITIVE_LEVEL !=INTERNAL } -of_object [get_pins -filter {DIRECTION==IN} -of_objects [get_nets -hierarchical -filter {PARENT=="atelier4_i/testPatternGen2_0/U0/inst_datapath/inst_background_manager/i_colorDataA[30]_BUFG"}]]]
resize_pblock [get_pblocks {CLKAG_atelier4_i/testPatternGen2_0/U0/inst_datapath/inst_background_manager/i_colorDataA[30]_BUFG}] -add {CLOCKREGION_X0Y1:CLOCKREGION_X0Y1 CLOCKREGION_X1Y1:CLOCKREGION_X1Y1}
#endgroup

# Clock net "atelier4_i/rgb2dvi_0/U0/ClockGenInternal.ClockGenX/SerialClk_BUFG" driven by instance "atelier4_i/rgb2dvi_0/U0/ClockGenInternal.ClockGenX/SerialClk_BUFG_inst" located at site "BUFGCTRL_X0Y2"
#startgroup
create_pblock {CLKAG_atelier4_i/rgb2dvi_0/U0/ClockGenInternal.ClockGenX/SerialClk_BUFG}
add_cells_to_pblock [get_pblocks  {CLKAG_atelier4_i/rgb2dvi_0/U0/ClockGenInternal.ClockGenX/SerialClk_BUFG}] [get_cells -filter { PRIMITIVE_GROUP != I/O && IS_PRIMITIVE==1 && PRIMITIVE_LEVEL !=INTERNAL } -of_object [get_pins -filter {DIRECTION==IN} -of_objects [get_nets -hierarchical -filter {PARENT=="atelier4_i/rgb2dvi_0/U0/ClockGenInternal.ClockGenX/SerialClk_BUFG"}]]]
resize_pblock [get_pblocks {CLKAG_atelier4_i/rgb2dvi_0/U0/ClockGenInternal.ClockGenX/SerialClk_BUFG}] -add {CLOCKREGION_X1Y1:CLOCKREGION_X1Y1}
#endgroup

# Clock net "atelier4_i/rgb2dvi_0/U0/ClockGenInternal.ClockGenX/PixelClk_BUFG" driven by instance "atelier4_i/rgb2dvi_0/U0/ClockGenInternal.ClockGenX/PixelClk_BUFG_inst" located at site "BUFGCTRL_X0Y1"
#startgroup
create_pblock {CLKAG_atelier4_i/rgb2dvi_0/U0/ClockGenInternal.ClockGenX/PixelClk_BUFG}
add_cells_to_pblock [get_pblocks  {CLKAG_atelier4_i/rgb2dvi_0/U0/ClockGenInternal.ClockGenX/PixelClk_BUFG}] [get_cells -filter { PRIMITIVE_GROUP != I/O && IS_PRIMITIVE==1 && PRIMITIVE_LEVEL !=INTERNAL } -of_object [get_pins -filter {DIRECTION==IN} -of_objects [get_nets -hierarchical -filter {PARENT=="atelier4_i/rgb2dvi_0/U0/ClockGenInternal.ClockGenX/PixelClk_BUFG"}]]]
resize_pblock [get_pblocks {CLKAG_atelier4_i/rgb2dvi_0/U0/ClockGenInternal.ClockGenX/PixelClk_BUFG}] -add {CLOCKREGION_X1Y1:CLOCKREGION_X1Y1}
#endgroup

# Clock net "atelier4_i/processing_system7_0/inst/FCLK_CLK0" driven by instance "atelier4_i/processing_system7_0/inst/buffer_fclk_clk_0.FCLK_CLK_0_BUFG" located at site "BUFGCTRL_X0Y0"
#startgroup
create_pblock {CLKAG_atelier4_i/processing_system7_0/inst/FCLK_CLK0}
add_cells_to_pblock [get_pblocks  {CLKAG_atelier4_i/processing_system7_0/inst/FCLK_CLK0}] [get_cells -filter { PRIMITIVE_GROUP != I/O && IS_PRIMITIVE==1 && PRIMITIVE_LEVEL !=INTERNAL } -of_object [get_pins -filter {DIRECTION==IN} -of_objects [get_nets -hierarchical -filter {PARENT=="atelier4_i/processing_system7_0/inst/FCLK_CLK0"}]]]
resize_pblock [get_pblocks {CLKAG_atelier4_i/processing_system7_0/inst/FCLK_CLK0}] -add {CLOCKREGION_X0Y0:CLOCKREGION_X0Y0 CLOCKREGION_X0Y1:CLOCKREGION_X0Y1 CLOCKREGION_X1Y0:CLOCKREGION_X1Y0 CLOCKREGION_X1Y1:CLOCKREGION_X1Y1}
#endgroup

# Clock net "atelier4_i/clk_wiz_0/inst/clk_out1" driven by instance "atelier4_i/clk_wiz_0/inst/clkout1_buf" located at site "BUFGCTRL_X0Y16"
#startgroup
create_pblock {CLKAG_atelier4_i/clk_wiz_0/inst/clk_out1}
add_cells_to_pblock [get_pblocks  {CLKAG_atelier4_i/clk_wiz_0/inst/clk_out1}] [get_cells -filter { PRIMITIVE_GROUP != I/O && IS_PRIMITIVE==1 && PRIMITIVE_LEVEL !=INTERNAL && NAME!=atelier4_i/rgb2dvi_0/U0/ClockGenInternal.ClockGenX/GenPLL.DVI_ClkGenerator} -of_object [get_pins -filter {DIRECTION==IN} -of_objects [get_nets -hierarchical -filter {PARENT=="atelier4_i/clk_wiz_0/inst/clk_out1"}]]]
resize_pblock [get_pblocks {CLKAG_atelier4_i/clk_wiz_0/inst/clk_out1}] -add {CLOCKREGION_X0Y0:CLOCKREGION_X0Y0 CLOCKREGION_X0Y1:CLOCKREGION_X0Y1 CLOCKREGION_X1Y0:CLOCKREGION_X1Y0 CLOCKREGION_X1Y1:CLOCKREGION_X1Y1}
#endgroup
