Copyright 1986-2020 Xilinx, Inc. All Rights Reserved.
---------------------------------------------------------------------------------------------------------------------------------------
| Tool Version : Vivado v.2020.2 (win64) Build 3064766 Wed Nov 18 09:12:45 MST 2020
| Date         : Thu Apr  6 14:38:21 2023
| Host         : LAPTOP-KI2VB3H7 running 64-bit major release  (build 9200)
| Command      : report_drc -file atelier4_wrapper_drc_opted.rpt -pb atelier4_wrapper_drc_opted.pb -rpx atelier4_wrapper_drc_opted.rpx
| Design       : atelier4_wrapper
| Device       : xc7z010clg400-1
| Speed File   : -1
| Design State : Synthesized
---------------------------------------------------------------------------------------------------------------------------------------

Report DRC

Table of Contents
-----------------
1. REPORT SUMMARY
2. REPORT DETAILS

1. REPORT SUMMARY
-----------------
            Netlist: netlist
          Floorplan: design_1
      Design limits: <entire design considered>
           Ruledeck: default
             Max violations: <unlimited>
             Violations found: 22
+----------+----------+------------------+------------+
| Rule     | Severity | Description      | Violations |
+----------+----------+------------------+------------+
| DPIP-1   | Warning  | Input pipelining | 18         |
| REQP-165 | Advisory | writefirst       | 2          |
| REQP-181 | Advisory | writefirst       | 2          |
+----------+----------+------------------+------------+

2. REPORT DETAILS
-----------------
DPIP-1#1 Warning
Input pipelining  
DSP atelier4_i/v_proc_ss_0/U0/hsc/inst/hscale_core_polyphase_U0/grp_hscale_polyphase_fu_519/mac_muladd_8ns_16s_24s_25_4_1_U40/bd_0837_hsc_0_mac_muladd_8ns_16s_24s_25_4_1_DSP48_1_U/p_reg_reg input atelier4_i/v_proc_ss_0/U0/hsc/inst/hscale_core_polyphase_U0/grp_hscale_polyphase_fu_519/mac_muladd_8ns_16s_24s_25_4_1_U40/bd_0837_hsc_0_mac_muladd_8ns_16s_24s_25_4_1_DSP48_1_U/p_reg_reg/C[47:0] is not pipelined. Pipelining DSP48 input will improve performance.
Related violations: <none>

DPIP-1#2 Warning
Input pipelining  
DSP atelier4_i/v_proc_ss_0/U0/hsc/inst/hscale_core_polyphase_U0/grp_hscale_polyphase_fu_519/mac_muladd_8ns_16s_24s_25_4_1_U41/bd_0837_hsc_0_mac_muladd_8ns_16s_24s_25_4_1_DSP48_1_U/p_reg_reg input atelier4_i/v_proc_ss_0/U0/hsc/inst/hscale_core_polyphase_U0/grp_hscale_polyphase_fu_519/mac_muladd_8ns_16s_24s_25_4_1_U41/bd_0837_hsc_0_mac_muladd_8ns_16s_24s_25_4_1_DSP48_1_U/p_reg_reg/C[47:0] is not pipelined. Pipelining DSP48 input will improve performance.
Related violations: <none>

DPIP-1#3 Warning
Input pipelining  
DSP atelier4_i/v_proc_ss_0/U0/hsc/inst/hscale_core_polyphase_U0/grp_hscale_polyphase_fu_519/mac_muladd_8ns_16s_24s_25_4_1_U42/bd_0837_hsc_0_mac_muladd_8ns_16s_24s_25_4_1_DSP48_1_U/p_reg_reg input atelier4_i/v_proc_ss_0/U0/hsc/inst/hscale_core_polyphase_U0/grp_hscale_polyphase_fu_519/mac_muladd_8ns_16s_24s_25_4_1_U42/bd_0837_hsc_0_mac_muladd_8ns_16s_24s_25_4_1_DSP48_1_U/p_reg_reg/C[47:0] is not pipelined. Pipelining DSP48 input will improve performance.
Related violations: <none>

DPIP-1#4 Warning
Input pipelining  
DSP atelier4_i/v_proc_ss_0/U0/hsc/inst/hscale_core_polyphase_U0/grp_hscale_polyphase_fu_519/mac_muladd_8ns_16s_25s_26_4_1_U43/bd_0837_hsc_0_mac_muladd_8ns_16s_25s_26_4_1_DSP48_2_U/p_reg_reg input atelier4_i/v_proc_ss_0/U0/hsc/inst/hscale_core_polyphase_U0/grp_hscale_polyphase_fu_519/mac_muladd_8ns_16s_25s_26_4_1_U43/bd_0837_hsc_0_mac_muladd_8ns_16s_25s_26_4_1_DSP48_2_U/p_reg_reg/C[47:0] is not pipelined. Pipelining DSP48 input will improve performance.
Related violations: <none>

DPIP-1#5 Warning
Input pipelining  
DSP atelier4_i/v_proc_ss_0/U0/hsc/inst/hscale_core_polyphase_U0/grp_hscale_polyphase_fu_519/mac_muladd_8ns_16s_25s_26_4_1_U44/bd_0837_hsc_0_mac_muladd_8ns_16s_25s_26_4_1_DSP48_2_U/p_reg_reg input atelier4_i/v_proc_ss_0/U0/hsc/inst/hscale_core_polyphase_U0/grp_hscale_polyphase_fu_519/mac_muladd_8ns_16s_25s_26_4_1_U44/bd_0837_hsc_0_mac_muladd_8ns_16s_25s_26_4_1_DSP48_2_U/p_reg_reg/C[47:0] is not pipelined. Pipelining DSP48 input will improve performance.
Related violations: <none>

DPIP-1#6 Warning
Input pipelining  
DSP atelier4_i/v_proc_ss_0/U0/hsc/inst/hscale_core_polyphase_U0/grp_hscale_polyphase_fu_519/mac_muladd_8ns_16s_25s_26_4_1_U45/bd_0837_hsc_0_mac_muladd_8ns_16s_25s_26_4_1_DSP48_2_U/p_reg_reg input atelier4_i/v_proc_ss_0/U0/hsc/inst/hscale_core_polyphase_U0/grp_hscale_polyphase_fu_519/mac_muladd_8ns_16s_25s_26_4_1_U45/bd_0837_hsc_0_mac_muladd_8ns_16s_25s_26_4_1_DSP48_2_U/p_reg_reg/C[47:0] is not pipelined. Pipelining DSP48 input will improve performance.
Related violations: <none>

DPIP-1#7 Warning
Input pipelining  
DSP atelier4_i/v_proc_ss_0/U0/hsc/inst/hscale_core_polyphase_U0/grp_hscale_polyphase_fu_519/mac_muladd_8ns_16s_26s_27_4_1_U49/bd_0837_hsc_0_mac_muladd_8ns_16s_26s_27_4_1_DSP48_4_U/p_reg_reg input atelier4_i/v_proc_ss_0/U0/hsc/inst/hscale_core_polyphase_U0/grp_hscale_polyphase_fu_519/mac_muladd_8ns_16s_26s_27_4_1_U49/bd_0837_hsc_0_mac_muladd_8ns_16s_26s_27_4_1_DSP48_4_U/p_reg_reg/C[47:0] is not pipelined. Pipelining DSP48 input will improve performance.
Related violations: <none>

DPIP-1#8 Warning
Input pipelining  
DSP atelier4_i/v_proc_ss_0/U0/hsc/inst/hscale_core_polyphase_U0/grp_hscale_polyphase_fu_519/mac_muladd_8ns_16s_26s_27_4_1_U50/bd_0837_hsc_0_mac_muladd_8ns_16s_26s_27_4_1_DSP48_4_U/p_reg_reg input atelier4_i/v_proc_ss_0/U0/hsc/inst/hscale_core_polyphase_U0/grp_hscale_polyphase_fu_519/mac_muladd_8ns_16s_26s_27_4_1_U50/bd_0837_hsc_0_mac_muladd_8ns_16s_26s_27_4_1_DSP48_4_U/p_reg_reg/C[47:0] is not pipelined. Pipelining DSP48 input will improve performance.
Related violations: <none>

DPIP-1#9 Warning
Input pipelining  
DSP atelier4_i/v_proc_ss_0/U0/hsc/inst/hscale_core_polyphase_U0/grp_hscale_polyphase_fu_519/mac_muladd_8ns_16s_26s_27_4_1_U51/bd_0837_hsc_0_mac_muladd_8ns_16s_26s_27_4_1_DSP48_4_U/p_reg_reg input atelier4_i/v_proc_ss_0/U0/hsc/inst/hscale_core_polyphase_U0/grp_hscale_polyphase_fu_519/mac_muladd_8ns_16s_26s_27_4_1_U51/bd_0837_hsc_0_mac_muladd_8ns_16s_26s_27_4_1_DSP48_4_U/p_reg_reg/C[47:0] is not pipelined. Pipelining DSP48 input will improve performance.
Related violations: <none>

DPIP-1#10 Warning
Input pipelining  
DSP atelier4_i/v_proc_ss_0/U0/vsc/inst/vscale_core_polyphase_U0/mac_muladd_8ns_16s_24s_25_4_1_U49/bd_0837_vsc_0_mac_muladd_8ns_16s_24s_25_4_1_DSP48_1_U/p_reg_reg input atelier4_i/v_proc_ss_0/U0/vsc/inst/vscale_core_polyphase_U0/mac_muladd_8ns_16s_24s_25_4_1_U49/bd_0837_vsc_0_mac_muladd_8ns_16s_24s_25_4_1_DSP48_1_U/p_reg_reg/C[47:0] is not pipelined. Pipelining DSP48 input will improve performance.
Related violations: <none>

DPIP-1#11 Warning
Input pipelining  
DSP atelier4_i/v_proc_ss_0/U0/vsc/inst/vscale_core_polyphase_U0/mac_muladd_8ns_16s_24s_25_4_1_U50/bd_0837_vsc_0_mac_muladd_8ns_16s_24s_25_4_1_DSP48_1_U/p_reg_reg input atelier4_i/v_proc_ss_0/U0/vsc/inst/vscale_core_polyphase_U0/mac_muladd_8ns_16s_24s_25_4_1_U50/bd_0837_vsc_0_mac_muladd_8ns_16s_24s_25_4_1_DSP48_1_U/p_reg_reg/C[47:0] is not pipelined. Pipelining DSP48 input will improve performance.
Related violations: <none>

DPIP-1#12 Warning
Input pipelining  
DSP atelier4_i/v_proc_ss_0/U0/vsc/inst/vscale_core_polyphase_U0/mac_muladd_8ns_16s_24s_25_4_1_U51/bd_0837_vsc_0_mac_muladd_8ns_16s_24s_25_4_1_DSP48_1_U/p_reg_reg input atelier4_i/v_proc_ss_0/U0/vsc/inst/vscale_core_polyphase_U0/mac_muladd_8ns_16s_24s_25_4_1_U51/bd_0837_vsc_0_mac_muladd_8ns_16s_24s_25_4_1_DSP48_1_U/p_reg_reg/C[47:0] is not pipelined. Pipelining DSP48 input will improve performance.
Related violations: <none>

DPIP-1#13 Warning
Input pipelining  
DSP atelier4_i/v_proc_ss_0/U0/vsc/inst/vscale_core_polyphase_U0/mac_muladd_8ns_16s_25s_26_4_1_U52/bd_0837_vsc_0_mac_muladd_8ns_16s_25s_26_4_1_DSP48_2_U/p_reg_reg input atelier4_i/v_proc_ss_0/U0/vsc/inst/vscale_core_polyphase_U0/mac_muladd_8ns_16s_25s_26_4_1_U52/bd_0837_vsc_0_mac_muladd_8ns_16s_25s_26_4_1_DSP48_2_U/p_reg_reg/C[47:0] is not pipelined. Pipelining DSP48 input will improve performance.
Related violations: <none>

DPIP-1#14 Warning
Input pipelining  
DSP atelier4_i/v_proc_ss_0/U0/vsc/inst/vscale_core_polyphase_U0/mac_muladd_8ns_16s_25s_26_4_1_U53/bd_0837_vsc_0_mac_muladd_8ns_16s_25s_26_4_1_DSP48_2_U/p_reg_reg input atelier4_i/v_proc_ss_0/U0/vsc/inst/vscale_core_polyphase_U0/mac_muladd_8ns_16s_25s_26_4_1_U53/bd_0837_vsc_0_mac_muladd_8ns_16s_25s_26_4_1_DSP48_2_U/p_reg_reg/C[47:0] is not pipelined. Pipelining DSP48 input will improve performance.
Related violations: <none>

DPIP-1#15 Warning
Input pipelining  
DSP atelier4_i/v_proc_ss_0/U0/vsc/inst/vscale_core_polyphase_U0/mac_muladd_8ns_16s_25s_26_4_1_U54/bd_0837_vsc_0_mac_muladd_8ns_16s_25s_26_4_1_DSP48_2_U/p_reg_reg input atelier4_i/v_proc_ss_0/U0/vsc/inst/vscale_core_polyphase_U0/mac_muladd_8ns_16s_25s_26_4_1_U54/bd_0837_vsc_0_mac_muladd_8ns_16s_25s_26_4_1_DSP48_2_U/p_reg_reg/C[47:0] is not pipelined. Pipelining DSP48 input will improve performance.
Related violations: <none>

DPIP-1#16 Warning
Input pipelining  
DSP atelier4_i/v_proc_ss_0/U0/vsc/inst/vscale_core_polyphase_U0/mac_muladd_8ns_16s_26s_27_4_1_U58/bd_0837_vsc_0_mac_muladd_8ns_16s_26s_27_4_1_DSP48_4_U/p_reg_reg input atelier4_i/v_proc_ss_0/U0/vsc/inst/vscale_core_polyphase_U0/mac_muladd_8ns_16s_26s_27_4_1_U58/bd_0837_vsc_0_mac_muladd_8ns_16s_26s_27_4_1_DSP48_4_U/p_reg_reg/C[47:0] is not pipelined. Pipelining DSP48 input will improve performance.
Related violations: <none>

DPIP-1#17 Warning
Input pipelining  
DSP atelier4_i/v_proc_ss_0/U0/vsc/inst/vscale_core_polyphase_U0/mac_muladd_8ns_16s_26s_27_4_1_U59/bd_0837_vsc_0_mac_muladd_8ns_16s_26s_27_4_1_DSP48_4_U/p_reg_reg input atelier4_i/v_proc_ss_0/U0/vsc/inst/vscale_core_polyphase_U0/mac_muladd_8ns_16s_26s_27_4_1_U59/bd_0837_vsc_0_mac_muladd_8ns_16s_26s_27_4_1_DSP48_4_U/p_reg_reg/C[47:0] is not pipelined. Pipelining DSP48 input will improve performance.
Related violations: <none>

DPIP-1#18 Warning
Input pipelining  
DSP atelier4_i/v_proc_ss_0/U0/vsc/inst/vscale_core_polyphase_U0/mac_muladd_8ns_16s_26s_27_4_1_U60/bd_0837_vsc_0_mac_muladd_8ns_16s_26s_27_4_1_DSP48_4_U/p_reg_reg input atelier4_i/v_proc_ss_0/U0/vsc/inst/vscale_core_polyphase_U0/mac_muladd_8ns_16s_26s_27_4_1_U60/bd_0837_vsc_0_mac_muladd_8ns_16s_26s_27_4_1_DSP48_4_U/p_reg_reg/C[47:0] is not pipelined. Pipelining DSP48 input will improve performance.
Related violations: <none>

REQP-165#1 Advisory
writefirst  
Synchronous clocking is detected for BRAM (atelier4_i/axi_vdma_0/U0/I_PRMRY_DATAMOVER/GEN_MM2S_FULL.I_MM2S_FULL_WRAPPER/GEN_INCLUDE_MM2S_SF.I_RD_SF/I_DATA_FIFO/BLK_MEM.I_SYNC_FIFOGEN_FIFO/xpm_fifo_instance.xpm_fifo_sync_inst/xpm_fifo_base_inst/gen_sdpram.xpm_memory_base_inst/gen_wr_a.gen_word_narrow.mem_reg_1) in SDP mode with WRITE_FIRST write-mode. This is the preferred mode for best power characteristics, however it may exhibit address collisions if the same address appears on both read and write ports resulting in unknown or corrupted read data. It is suggested to confirm via simulation that an address collision never occurs and if so it is suggested to try and avoid this situation. If address collisions cannot be avoided, the write-mode may be set to READ_FIRST which guarantees that the read data is the prior contents of the memory at the cost of additional power in the design. See the FPGA Memory Resources User Guide for additional information.
Related violations: <none>

REQP-165#2 Advisory
writefirst  
Synchronous clocking is detected for BRAM (atelier4_i/axi_vdma_0/U0/I_PRMRY_DATAMOVER/GEN_S2MM_FULL.I_S2MM_FULL_WRAPPER/GEN_ENABLE_INDET_BTT_SF.I_INDET_BTT/I_DATA_FIFO/BLK_MEM.I_SYNC_FIFOGEN_FIFO/xpm_fifo_instance.xpm_fifo_sync_inst/xpm_fifo_base_inst/gen_sdpram.xpm_memory_base_inst/gen_wr_a.gen_word_narrow.mem_reg_1) in SDP mode with WRITE_FIRST write-mode. This is the preferred mode for best power characteristics, however it may exhibit address collisions if the same address appears on both read and write ports resulting in unknown or corrupted read data. It is suggested to confirm via simulation that an address collision never occurs and if so it is suggested to try and avoid this situation. If address collisions cannot be avoided, the write-mode may be set to READ_FIRST which guarantees that the read data is the prior contents of the memory at the cost of additional power in the design. See the FPGA Memory Resources User Guide for additional information.
Related violations: <none>

REQP-181#1 Advisory
writefirst  
Synchronous clocking is detected for BRAM (atelier4_i/axi_vdma_0/U0/I_PRMRY_DATAMOVER/GEN_MM2S_FULL.I_MM2S_FULL_WRAPPER/GEN_INCLUDE_MM2S_SF.I_RD_SF/I_DATA_FIFO/BLK_MEM.I_SYNC_FIFOGEN_FIFO/xpm_fifo_instance.xpm_fifo_sync_inst/xpm_fifo_base_inst/gen_sdpram.xpm_memory_base_inst/gen_wr_a.gen_word_narrow.mem_reg_0) in SDP mode with WRITE_FIRST write-mode. This is the preferred mode for best power characteristics, however it may exhibit address collisions if the same address appears on both read and write ports resulting in unknown or corrupted read data. It is suggested to confirm via simulation that an address collision never occurs and if so it is suggested to try and avoid this situation. If address collisions cannot be avoided, the write-mode may be set to READ_FIRST which guarantees that the read data is the prior contents of the memory at the cost of additional power in the design. See the FPGA Memory Resources User Guide for additional information.
Related violations: <none>

REQP-181#2 Advisory
writefirst  
Synchronous clocking is detected for BRAM (atelier4_i/axi_vdma_0/U0/I_PRMRY_DATAMOVER/GEN_S2MM_FULL.I_S2MM_FULL_WRAPPER/GEN_ENABLE_INDET_BTT_SF.I_INDET_BTT/I_DATA_FIFO/BLK_MEM.I_SYNC_FIFOGEN_FIFO/xpm_fifo_instance.xpm_fifo_sync_inst/xpm_fifo_base_inst/gen_sdpram.xpm_memory_base_inst/gen_wr_a.gen_word_narrow.mem_reg_0) in SDP mode with WRITE_FIRST write-mode. This is the preferred mode for best power characteristics, however it may exhibit address collisions if the same address appears on both read and write ports resulting in unknown or corrupted read data. It is suggested to confirm via simulation that an address collision never occurs and if so it is suggested to try and avoid this situation. If address collisions cannot be avoided, the write-mode may be set to READ_FIRST which guarantees that the read data is the prior contents of the memory at the cost of additional power in the design. See the FPGA Memory Resources User Guide for additional information.
Related violations: <none>


