#-----------------------------------------------------------
# Vivado v2020.2 (64-bit)
# SW Build 3064766 on Wed Nov 18 09:12:45 MST 2020
# IP Build 3064653 on Wed Nov 18 14:17:31 MST 2020
# Start of session at: Wed Mar 23 08:57:26 2022
# Process ID: 10540
# Current directory: C:/Users/Julien/Documents/vivado/s4InfoAtelier4
# Command line: vivado.exe -gui_launcher_event rodinguilauncherevent17196 C:\Users\Julien\Documents\vivado\s4InfoAtelier4\s4InfoAtelier4.xpr
# Log file: C:/Users/Julien/Documents/vivado/s4InfoAtelier4/vivado.log
# Journal file: C:/Users/Julien/Documents/vivado/s4InfoAtelier4\vivado.jou
#-----------------------------------------------------------
start_gui
open_project C:/Users/Julien/Documents/vivado/s4InfoAtelier4/s4InfoAtelier4.xpr
open_bd_design {C:/Users/Julien/Documents/vivado/s4InfoAtelier4/s4InfoAtelier4.srcs/sources_1/bd/atelier4/atelier4.bd}
update_compile_order -fileset sources_1
archive_project C:/Users/Julien/Documents/vivado/s4InfoAtelier4.xpr.zip -temp_dir C:/Users/Julien/Documents/vivado/s4InfoAtelier4/.Xil/Vivado-10540-DESKTOP-7O8NHLB -force -exclude_run_results -include_config_settings
