#-----------------------------------------------------------
# Vivado v2020.2 (64-bit)
# SW Build 3064766 on Wed Nov 18 09:12:45 MST 2020
# IP Build 3064653 on Wed Nov 18 14:17:31 MST 2020
# Start of session at: Thu Mar 16 10:03:03 2023
# Process ID: 19236
# Current directory: C:/Users/etien/OneDrive - USherbrooke/2023HIV/Projet/Projet/PPU/s4InfoAtelier4
# Command line: vivado.exe -gui_launcher_event rodinguilauncherevent18204 C:\S4Work\Projet\Projet-S4\PPU\s4InfoAtelier4\s4InfoAtelier4.xpr
# Log file: C:/Users/etien/OneDrive - USherbrooke/2023HIV/Projet/Projet/PPU/s4InfoAtelier4/vivado.log
# Journal file: C:/Users/etien/OneDrive - USherbrooke/2023HIV/Projet/Projet/PPU/s4InfoAtelier4\vivado.jou
#-----------------------------------------------------------
start_gui
open_project {C:/Users/etien/OneDrive - USherbrooke/2023HIV/Projet/Projet/PPU/s4InfoAtelier4/s4InfoAtelier4.xpr}
update_compile_order -fileset sources_1
set_property  ip_repo_paths  {{c:/Users/etien/OneDrive - USherbrooke/2023HIV/Projet/Projet/PPU/s4InfoAtelier4/s4InfoAtelier4.ipdefs/mycolorRegister_1.0} {C:/Users/etien/OneDrive - USherbrooke/2023HIV/Projet/Projet/PPU/s4InfoAtelier4/vivado-library-zmod-v1-2019.1-2} {c:/Users/etien/OneDrive - USherbrooke/2023HIV/Projet/Projet/PPU/s4InfoAtelier4/s4InfoAtelier4.ipdefs/pixelDataToVideoStream_1.0} {c:/Users/etien/OneDrive - USherbrooke/2023HIV/Projet/Projet/PPU/s4InfoAtelier4/s4InfoAtelier4.ipdefs/rgb2dvi} {c:/Users/etien/OneDrive - USherbrooke/2023HIV/Projet/Projet/PPU/s4InfoAtelier4/s4InfoAtelier4.ipdefs/tmds_v1_0}} [current_project]
update_ip_catalog
close [ open C:/S4Work/Projet/Projet-S4/PPU/s4InfoAtelier4/s4InfoAtelier4.srcs/sources_1/new/BackGroundMannager.vhdl w ]
set_property library work [get_files  C:/S4Work/Projet/Projet-S4/PPU/s4InfoAtelier4/s4InfoAtelier4.srcs/sources_1/new/BackGroundMannager.vhdl]
close [ open C:/S4Work/Projet/Projet-S4/PPU/s4InfoAtelier4/s4InfoAtelier4.srcs/sources_1/new/Tile_buffer.vhdl w ]
add_files C:/S4Work/Projet/Projet-S4/PPU/s4InfoAtelier4/s4InfoAtelier4.srcs/sources_1/new/Tile_buffer.vhdl
set_property library work [get_files  C:/S4Work/Projet/Projet-S4/PPU/s4InfoAtelier4/s4InfoAtelier4.srcs/sources_1/new/Tile_buffer.vhdl]
close [ open C:/S4Work/Projet/Projet-S4/PPU/s4InfoAtelier4/s4InfoAtelier4.srcs/sources_1/new/dataPath.vhdl w ]
add_files C:/S4Work/Projet/Projet-S4/PPU/s4InfoAtelier4/s4InfoAtelier4.srcs/sources_1/new/dataPath.vhdl
set_property library work [get_files  {{C:/Users/etien/OneDrive - USherbrooke/2023HIV/Projet/Projet/PPU/s4InfoAtelier4/s4InfoAtelier4.srcs/sources_1/new/Datapath.vhd}}]
update_files -from_files {{C:/Users/etien/OneDrive - USherbrooke/2023HIV/Projet/Projet/PPU/s4InfoAtelier4/s4InfoAtelier4.srcs/sources_1/new/BackGroundManager.vhdl}} -to_files {{C:/Users/etien/OneDrive - USherbrooke/2023HIV/Projet/Projet/PPU/s4InfoAtelier4/s4InfoAtelier4.srcs/sources_1/new/BackGroundMannager.vhdl}} -filesets [get_filesets *]
