#-----------------------------------------------------------
# Vivado v2020.2 (64-bit)
# SW Build 3064766 on Wed Nov 18 09:12:45 MST 2020
# IP Build 3064653 on Wed Nov 18 14:17:31 MST 2020
# Start of session at: Thu Mar  9 08:55:41 2023
# Process ID: 34248
# Current directory: C:/Travail/s4InfoAtelier4
# Command line: vivado.exe -gui_launcher_event rodinguilauncherevent26940 C:\Travail\s4InfoAtelier4\s4InfoAtelier4.xpr
# Log file: C:/Travail/s4InfoAtelier4/vivado.log
# Journal file: C:/Travail/s4InfoAtelier4\vivado.jou
#-----------------------------------------------------------
start_gui
open_project C:/Travail/s4InfoAtelier4/s4InfoAtelier4.xpr
update_compile_order -fileset sources_1
create_ip_run [get_files -of_objects [get_fileset sources_1] C:/Travail/s4InfoAtelier4/s4InfoAtelier4.srcs/sources_1/bd/atelier4/atelier4.bd]
synth_design -rtl -rtl_skip_mlo -name rtl_1
open_bd_design {C:/Travail/s4InfoAtelier4/s4InfoAtelier4.srcs/sources_1/bd/atelier4/atelier4.bd}
close [ open C:/Travail/s4InfoAtelier4/s4InfoAtelier4.srcs/sources_1/new/tile.vhdl w ]
add_files C:/Travail/s4InfoAtelier4/s4InfoAtelier4.srcs/sources_1/new/tile.vhdl
update_compile_order -fileset sources_1
export_ip_user_files -of_objects  [get_files C:/Travail/s4InfoAtelier4/s4InfoAtelier4.srcs/sources_1/new/tile.vhdl] -no_script -reset -force -quiet
remove_files  C:/Travail/s4InfoAtelier4/s4InfoAtelier4.srcs/sources_1/new/tile.vhdl
close [ open C:/Travail/s4InfoAtelier4/s4InfoAtelier4.srcs/sources_1/new/tile_package.vhdl w ]
add_files C:/Travail/s4InfoAtelier4/s4InfoAtelier4.srcs/sources_1/new/tile_package.vhdl
update_compile_order -fileset sources_1
close [ open C:/Travail/s4InfoAtelier4/s4InfoAtelier4.srcs/sources_1/new/tile.vhdl w ]
add_files C:/Travail/s4InfoAtelier4/s4InfoAtelier4.srcs/sources_1/new/tile.vhdl
update_compile_order -fileset sources_1
set_property library work [get_files  C:/Travail/s4InfoAtelier4/s4InfoAtelier4.srcs/sources_1/new/tile_package.vhdl]
set_property library work [get_files  C:/Travail/s4InfoAtelier4/s4InfoAtelier4.srcs/sources_1/new/tile.vhdl]
close [ open C:/Travail/s4InfoAtelier4/s4InfoAtelier4.srcs/sources_1/new/tile_handler.vhd w ]
add_files C:/Travail/s4InfoAtelier4/s4InfoAtelier4.srcs/sources_1/new/tile_handler.vhd
update_compile_order -fileset sources_1
set_property library work [get_files  C:/Travail/s4InfoAtelier4/s4InfoAtelier4.srcs/sources_1/new/tile_handler.vhd]
reset_run synth_1
launch_runs impl_1 -to_step write_bitstream -jobs 2
wait_on_run impl_1
open_hw_manager
connect_hw_server -allow_non_jtag
open_hw_target
set_property PROGRAM.FILE {C:/Travail/s4InfoAtelier4/s4InfoAtelier4.runs/impl_1/atelier4_wrapper.bit} [get_hw_devices xc7z010_1]
current_hw_device [get_hw_devices xc7z010_1]
refresh_hw_device -update_hw_probes false [lindex [get_hw_devices xc7z010_1] 0]
set_property PROBES.FILE {} [get_hw_devices xc7z010_1]
set_property FULL_PROBES.FILE {} [get_hw_devices xc7z010_1]
set_property PROGRAM.FILE {C:/Travail/s4InfoAtelier4/s4InfoAtelier4.runs/impl_1/atelier4_wrapper.bit} [get_hw_devices xc7z010_1]
program_hw_devices [get_hw_devices xc7z010_1]
refresh_hw_device [lindex [get_hw_devices xc7z010_1] 0]
reset_run synth_1
launch_runs impl_1 -to_step write_bitstream -jobs 2
wait_on_run impl_1
set_property PROBES.FILE {} [get_hw_devices xc7z010_1]
set_property FULL_PROBES.FILE {} [get_hw_devices xc7z010_1]
set_property PROGRAM.FILE {C:/Travail/s4InfoAtelier4/s4InfoAtelier4.runs/impl_1/atelier4_wrapper.bit} [get_hw_devices xc7z010_1]
program_hw_devices [get_hw_devices xc7z010_1]
refresh_hw_device [lindex [get_hw_devices xc7z010_1] 0]
refresh_hw_device [lindex [get_hw_devices xc7z010_1] 0]
update_module_reference atelier4_testPatternGen2_0_0
reset_run synth_1
launch_runs impl_1 -to_step write_bitstream -jobs 3
wait_on_run impl_1
launch_runs impl_1 -to_step write_bitstream -jobs 2
wait_on_run impl_1
reset_run synth_1
launch_runs impl_1 -to_step write_bitstream -jobs 2
wait_on_run impl_1
write_hw_platform -fixed -include_bit -force -file C:/Travail/s4InfoAtelier4/atelier4_wrapper.xsa
write_hw_platform -fixed -include_bit -force -file C:/Travail/s4InfoAtelier4/atelier4_wrapper.xsa
create_ip_run [get_files -of_objects [get_fileset sources_1] C:/Travail/s4InfoAtelier4/s4InfoAtelier4.srcs/sources_1/bd/atelier4/atelier4.bd]
refresh_design
write_hw_platform -fixed -include_bit -force -file C:/Travail/s4InfoAtelier4/atelier4_wrappery.xsa
write_hw_platform -fixed -include_bit -force -file C:/Travail/s4InfoAtelier4/atelier4_wrapper.xsa
close_design
write_hw_platform -fixed -include_bit -force -file C:/Travail/s4InfoAtelier4/atelier4_wrapper.xsa
write_hw_platform -fixed -include_bit -force -file C:/Travail/s4InfoAtelier4/atelier4_wrapper.xsa
update_module_reference atelier4_testPatternGen2_0_0
reset_run synth_1
launch_runs impl_1 -to_step write_bitstream -jobs 2
wait_on_run impl_1
write_hw_platform -fixed -include_bit -force -file C:/Travail/s4InfoAtelier4/atelier4_wrapper.xsa
close [ open C:/Travail/s4InfoAtelier4/s4InfoAtelier4.srcs/sources_1/new/ppu_package.hvdl w ]
add_files C:/Travail/s4InfoAtelier4/s4InfoAtelier4.srcs/sources_1/new/ppu_package.hvdl
set_property file_type VHDL [get_files  C:/Travail/s4InfoAtelier4/s4InfoAtelier4.srcs/sources_1/new/ppu_package.hvdl]
set_property library work [get_files  C:/Travail/s4InfoAtelier4/s4InfoAtelier4.srcs/sources_1/new/ppu_package.hvdl]
update_compile_order -fileset sources_1
