10:43:57 **** Incremental Build of configuration Debug for project project ****
make all 
make --no-print-directory pre-build
a9-linaro-pre-build-step
' '
make --no-print-directory main-build
'Building file: ../src/game.c'
'Invoking: ARM v7 gcc compiler'
arm-none-eabi-gcc -Wall -O0 -g3 -c -fmessage-length=0 -MT"src/game.o" -mcpu=cortex-a9 -mfpu=vfpv3 -mfloat-abi=hard -IC:/Travail/s4InfoAtelier4/atelier4_wrapper/export/atelier4_wrapper/sw/atelier4_wrapper/standalone_ps7_cortexa9_0/bspinclude/include -MMD -MP -MF"src/game.d" -MT"src/game.o" -o "src/game.o" "../src/game.c"
../src/game.c: In function 'update_game':
../src/game.c:48:13: warning: unused variable 'appleData' [-Wunused-variable]
   48 |         int appleData = get_apple_data(&game->_apple);
      |             ^~~~~~~~~
../src/game.c:45:13: warning: unused variable 'newtile' [-Wunused-variable]
   45 |         int newtile = set_tile(&game->_apple);
      |             ^~~~~~~
'Finished building: ../src/game.c'
' '
'Building target: project.elf'
'Invoking: ARM v7 gcc linker'
arm-none-eabi-gcc -mcpu=cortex-a9 -mfpu=vfpv3 -mfloat-abi=hard -Wl,-build-id=none -specs=Xilinx.spec -Wl,-T -Wl,../src/lscript.ld -LC:/Travail/s4InfoAtelier4/atelier4_wrapper/export/atelier4_wrapper/sw/atelier4_wrapper/standalone_ps7_cortexa9_0/bsplib/lib -o "project.elf"  ./src/apple.o ./src/game.o ./src/main.o ./src/scaler.o ./src/snake.o ./src/vdma.o   -Wl,--start-group,-lxil,-lgcc,-lc,--end-group
'Finished building target: project.elf'
' '
'Invoking: ARM v7 Print Size'
arm-none-eabi-size project.elf  |tee "project.elf.size"
   text	   data	    bss	    dec	    hex	filename
 177056	   2512	 160928	 340496	  53210	project.elf
'Finished building: project.elf.size'
' '

10:43:58 Build Finished (took 1s.106ms)

