Nothing to build in platform 'atelier4_wrapper'

15:24:47 **** Incremental Build of configuration Debug for project project ****
make all 
make --no-print-directory pre-build
a9-linaro-pre-build-step
' '
make --no-print-directory main-build
'Building file: ../src/game.c'
'Invoking: ARM v7 gcc compiler'
arm-none-eabi-gcc -Wall -O0 -g3 -c -fmessage-length=0 -MT"src/game.o" -mcpu=cortex-a9 -mfpu=vfpv3 -mfloat-abi=hard -IC:/Travail/s4InfoAtelier4/atelier4_wrapper/export/atelier4_wrapper/sw/atelier4_wrapper/standalone_ps7_cortexa9_0/bspinclude/include -MMD -MP -MF"src/game.d" -MT"src/game.o" -o "src/game.o" "../src/game.c"
../src/game.c: In function 'update_game':
../src/game.c:55:13: warning: unused variable 'appleData' [-Wunused-variable]
   55 |         int appleData = get_apple_data(&game->_apple);
      |             ^~~~~~~~~
../src/game.c:52:13: warning: unused variable 'newtile' [-Wunused-variable]
   52 |         int newtile = set_tile(&game->_apple);
      |             ^~~~~~~
'Finished building: ../src/game.c'
' '
'Building target: project.elf'
'Invoking: ARM v7 gcc linker'
arm-none-eabi-gcc -mcpu=cortex-a9 -mfpu=vfpv3 -mfloat-abi=hard -Wl,-build-id=none -specs=Xilinx.spec -Wl,-T -Wl,../src/lscript.ld -LC:/Travail/s4InfoAtelier4/atelier4_wrapper/export/atelier4_wrapper/sw/atelier4_wrapper/standalone_ps7_cortexa9_0/bsplib/lib -o "project.elf"  ./src/apple.o ./src/game.o ./src/main.o ./src/scaler.o ./src/snake.o ./src/vdma.o   -Wl,--start-group,-lxil,-lgcc,-lc,--end-group
'Finished building target: project.elf'
' '
'Invoking: ARM v7 Print Size'
arm-none-eabi-size project.elf  |tee "project.elf.size"
   text	   data	    bss	    dec	    hex	filename
 177524	   2512	 160928	 340964	  533e4	project.elf
'Finished building: project.elf.size'
' '
15:24:48 **** Incremental Build of configuration Debug for project project_system ****
make all 
Generating bif file for the system project
generate_system_bif.bat 55046 C:/Travail/s4InfoAtelier4/atelier4_wrapper/export/atelier4_wrapper/atelier4_wrapper.xpfm standalone_ps7_cortexa9_0 C:/Travail/s4InfoAtelier4/project_system/Debug/system.bif
sdcard_gen --xpfm C:/Travail/s4InfoAtelier4/atelier4_wrapper/export/atelier4_wrapper/atelier4_wrapper.xpfm --sys_config atelier4_wrapper --bif C:/Travail/s4InfoAtelier4/project_system/Debug/system.bif --bitstream C:/Travail/s4InfoAtelier4/project/_ide/bitstream/atelier4_wrapper.bit --elf C:/Travail/s4InfoAtelier4/project/Debug/project.elf,ps7_cortexa9_0
creating BOOT.BIN using C:/Travail/s4InfoAtelier4/project/_ide/bitstream/atelier4_wrapper.bit
Running C:/S4/Vitis/2020.2/bin/bootgen  -image C:/Travail/s4InfoAtelier4/project_system/Debug/sd_card_temp/boot.bif -w -o i BOOT.BIN
